// Vitest Snapshot v1, https://vitest.dev/guide/snapshot.html

exports[`TextField > should match the snapshot 1`] = `
<div
  data-v-app=""
>
  
  <label
    data-test-id="label"
    for="text-field"
  >
    Input label
  </label>
  <input
    data-test-id="input"
    name="text-field"
    type="text"
  />
  
</div>
`;
